\BOOKMARK [1][-]{section.1}{\376\377\000G\000o\000v\000e\000r\000n\000m\000e\000n\000t}{}% 1
\BOOKMARK [2][-]{subsection.1.1}{\376\377\000C\000h\000a\000p\000t\000e\000r\000\040\000O\000f\000f\000i\000c\000e\000r\000s}{section.1}% 2
\BOOKMARK [2][-]{subsection.1.2}{\376\377\000A\000d\000v\000i\000s\000o\000r\000s}{section.1}% 3
\BOOKMARK [2][-]{subsection.1.3}{\376\377\000A\000d\000v\000i\000s\000o\000r\000y\000\040\000B\000o\000a\000r\000d}{section.1}% 4
\BOOKMARK [2][-]{subsection.1.4}{\376\377\000O\000f\000f\000i\000c\000e\000r\000\040\000C\000o\000r\000p\000s}{section.1}% 5
\BOOKMARK [3][-]{Item.3}{\376\377\000I\000.\0004\000.\000a\000\040\000M\000e\000m\000b\000e\000r\000s\000h\000i\000p\000\040\000a\000n\000d\000\040\000R\000e\000s\000p\000o\000n\000s\000i\000b\000i\000l\000i\000t\000i\000e\000s}{subsection.1.4}% 6
\BOOKMARK [3][-]{Item.14}{\376\377\000I\000.\0004\000.\000b\000\040\000O\000f\000f\000i\000c\000e\000r\000\040\000T\000e\000a\000m\000s}{subsection.1.4}% 7
\BOOKMARK [2][-]{subsection.1.5}{\376\377\000C\000o\000m\000m\000i\000t\000t\000e\000e\000s}{section.1}% 8
\BOOKMARK [3][-]{Item.18}{\376\377\000I\000.\0005\000.\000a\000\040\000P\000u\000r\000p\000o\000s\000e}{subsection.1.5}% 9
\BOOKMARK [3][-]{Item.19}{\376\377\000I\000.\0005\000.\000a\000\040\000S\000t\000a\000n\000d\000i\000n\000g\000\040\000C\000o\000m\000m\000i\000t\000t\000e\000e\000s}{subsection.1.5}% 10
\BOOKMARK [3][-]{Item.20}{\376\377\000I\000.\0005\000.\000a\000\040\000A\000d\000\040\000H\000o\000c\000\040\000C\000o\000m\000m\000i\000t\000t\000e\000e\000s}{subsection.1.5}% 11
\BOOKMARK [2][-]{subsection.1.6}{\376\377\000C\000h\000a\000i\000r\000s}{section.1}% 12
\BOOKMARK [3][-]{Item.25}{\376\377\000I\000.\0006\000.\000a\000\040\000P\000u\000r\000p\000o\000s\000e}{subsection.1.6}% 13
\BOOKMARK [3][-]{Item.26}{\376\377\000I\000.\0006\000.\000b\000\040\000C\000r\000e\000a\000t\000i\000o\000n}{subsection.1.6}% 14
\BOOKMARK [3][-]{Item.27}{\376\377\000I\000.\0006\000.\000c\000\040\000D\000i\000s\000s\000o\000l\000u\000t\000i\000o\000n\000\040\000a\000n\000d\000\040\000R\000e\000m\000o\000v\000a\000l}{subsection.1.6}% 15
\BOOKMARK [2][-]{subsection.1.7}{\376\377\000T\000e\000r\000m\000s\000\040\000o\000f\000\040\000O\000f\000f\000i\000c\000e}{section.1}% 16
\BOOKMARK [1][-]{section.2}{\376\377\000E\000l\000e\000c\000t\000i\000o\000n\000\040\000o\000f\000\040\000O\000f\000f\000i\000c\000e\000r\000s}{}% 17
\BOOKMARK [2][-]{subsection.2.1}{\376\377\000O\000f\000f\000i\000c\000e\000r\000\040\000E\000l\000e\000c\000t\000i\000o\000n\000\040\000M\000e\000e\000t\000i\000n\000g}{section.2}% 18
\BOOKMARK [2][-]{subsection.2.2}{\376\377\000A\000c\000t\000i\000v\000e\000\040\000S\000t\000a\000t\000u\000s\000\040\000f\000o\000r\000\040\000V\000o\000t\000i\000n\000g\000\040\000M\000e\000e\000t\000i\000n\000g\000s}{section.2}% 19
\BOOKMARK [3][-]{Item.28}{\376\377\000I\000I\000.\0002\000.\000a\000\040\000I\000n\000a\000c\000t\000i\000v\000e\000\040\000M\000e\000m\000b\000e\000r\000s}{subsection.2.2}% 20
\BOOKMARK [3][-]{Item.29}{\376\377\000I\000I\000.\0002\000.\000b\000\040\000A\000l\000u\000m\000n\000i\000\040\000M\000e\000m\000b\000e\000r\000s}{subsection.2.2}% 21
\BOOKMARK [2][-]{subsection.2.3}{\376\377\000I\000n\000c\000u\000m\000b\000e\000n\000t\000\040\000E\000l\000i\000g\000i\000b\000i\000l\000i\000t\000y}{section.2}% 22
\BOOKMARK [2][-]{subsection.2.4}{\376\377\000N\000o\000m\000i\000n\000a\000t\000i\000o\000n\000s}{section.2}% 23
\BOOKMARK [2][-]{subsection.2.5}{\376\377\000E\000l\000e\000c\000t\000i\000o\000n\000\040\000O\000r\000d\000e\000r}{section.2}% 24
\BOOKMARK [2][-]{subsection.2.6}{\376\377\000C\000a\000n\000d\000i\000d\000a\000t\000e\000\040\000S\000p\000e\000e\000c\000h\000e\000s}{section.2}% 25
\BOOKMARK [2][-]{subsection.2.7}{\376\377\000C\000a\000n\000d\000i\000d\000a\000t\000e\000\040\000D\000i\000s\000c\000u\000s\000s\000i\000o\000n}{section.2}% 26
\BOOKMARK [2][-]{subsection.2.8}{\376\377\000W\000i\000n\000n\000i\000n\000g\000\040\000t\000h\000e\000\040\000E\000l\000e\000c\000t\000i\000o\000n}{section.2}% 27
\BOOKMARK [2][-]{subsection.2.9}{\376\377\000T\000e\000r\000m\000\040\000C\000o\000m\000m\000e\000n\000c\000e\000m\000e\000n\000t}{section.2}% 28
\BOOKMARK [2][-]{subsection.2.10}{\376\377\000V\000a\000c\000a\000n\000t\000\040\000O\000f\000f\000i\000c\000e\000s}{section.2}% 29
\BOOKMARK [1][-]{section.3}{\376\377\000E\000l\000e\000c\000t\000i\000o\000n\000\040\000o\000f\000\040\000A\000d\000v\000i\000s\000o\000r\000s}{}% 30
\BOOKMARK [2][-]{subsection.3.1}{\376\377\000E\000l\000e\000c\000t\000i\000o\000n\000\040\000M\000e\000e\000t\000i\000n\000g\000,\000\040\000Q\000u\000o\000r\000u\000m\000,\000\040\000E\000l\000i\000g\000i\000b\000i\000l\000i\000t\000y\000,\000\040\000a\000n\000d\000\040\000N\000o\000m\000i\000n\000a\000t\000i\000o\000n\000s}{section.3}% 31
\BOOKMARK [2][-]{subsection.3.2}{\376\377\000C\000a\000n\000d\000i\000d\000a\000t\000e\000\040\000S\000p\000e\000e\000c\000h\000e\000s}{section.3}% 32
\BOOKMARK [2][-]{subsection.3.3}{\376\377\000C\000a\000n\000d\000i\000d\000a\000t\000e\000\040\000D\000i\000s\000c\000u\000s\000s\000i\000o\000n}{section.3}% 33
\BOOKMARK [2][-]{subsection.3.4}{\376\377\000W\000i\000n\000n\000i\000n\000g\000\040\000t\000h\000e\000\040\000E\000l\000e\000c\000t\000i\000o\000n}{section.3}% 34
\BOOKMARK [2][-]{subsection.3.5}{\376\377\000T\000e\000r\000m\000\040\000L\000e\000n\000g\000t\000h}{section.3}% 35
\BOOKMARK [2][-]{subsection.3.6}{\376\377\000T\000e\000r\000m\000\040\000C\000o\000m\000m\000e\000n\000c\000e\000m\000e\000n\000t}{section.3}% 36
\BOOKMARK [1][-]{section.4}{\376\377\000A\000p\000p\000o\000i\000n\000t\000m\000e\000n\000t\000\040\000o\000f\000\040\000O\000f\000f\000i\000c\000e\000r\000s\000\040\000a\000n\000d\000\040\000C\000h\000a\000i\000r\000s}{}% 37
\BOOKMARK [2][-]{subsection.4.1}{\376\377\000A\000p\000p\000o\000i\000n\000t\000e\000d\000\040\000O\000f\000f\000i\000c\000e\000s}{section.4}% 38
\BOOKMARK [2][-]{subsection.4.2}{\376\377\000D\000e\000f\000a\000u\000l\000t\000\040\000A\000p\000p\000o\000i\000n\000t\000m\000e\000n\000t\000\040\000P\000r\000o\000c\000e\000d\000u\000r\000e}{section.4}% 39
\BOOKMARK [2][-]{subsection.4.3}{\376\377\000E\000x\000t\000e\000r\000n\000a\000l\000\040\000V\000i\000c\000e\000\040\000P\000r\000e\000s\000i\000d\000e\000n\000t\000\040\000A\000p\000p\000o\000i\000n\000t\000m\000e\000n\000t}{section.4}% 40
\BOOKMARK [2][-]{subsection.4.4}{\376\377\000K\000-\0001\0002\000\040\000O\000u\000t\000r\000e\000a\000c\000h\000\040\000O\000f\000f\000i\000c\000e\000r\000\040\000A\000p\000p\000o\000i\000n\000t\000m\000e\000n\000t}{section.4}% 41
\BOOKMARK [2][-]{subsection.4.5}{\376\377\000A\000d\000\040\000H\000o\000c\000\040\000O\000f\000f\000i\000c\000e\000r\000\040\000A\000p\000p\000o\000i\000n\000t\000m\000e\000n\000t}{section.4}% 42
\BOOKMARK [2][-]{subsection.4.6}{\376\377\000C\000h\000a\000i\000r\000\040\000A\000p\000p\000o\000i\000n\000t\000m\000e\000n\000t}{section.4}% 43
\BOOKMARK [2][-]{subsection.4.7}{\376\377\000P\000r\000o\000j\000e\000c\000t\000\040\000L\000e\000a\000d\000e\000r\000s}{section.4}% 44
\BOOKMARK [1][-]{section.5}{\376\377\000M\000e\000e\000t\000i\000n\000g\000s}{}% 45
\BOOKMARK [2][-]{subsection.5.1}{\376\377\000G\000e\000n\000e\000r\000a\000l\000\040\000M\000e\000e\000t\000i\000n\000g\000s}{section.5}% 46
\BOOKMARK [2][-]{subsection.5.2}{\376\377\000O\000f\000f\000i\000c\000e\000r\000/\000A\000d\000v\000i\000s\000o\000r\000\040\000M\000e\000e\000t\000i\000n\000g\000s}{section.5}% 47
\BOOKMARK [2][-]{subsection.5.3}{\376\377\000N\000e\000w\000\040\000I\000n\000i\000t\000i\000a\000t\000i\000v\000e\000s\000\040\000M\000e\000e\000t\000i\000n\000g\000s}{section.5}% 48
\BOOKMARK [2][-]{subsection.5.4}{\376\377\000S\000p\000e\000c\000i\000a\000l\000\040\000M\000e\000e\000t\000i\000n\000g\000s}{section.5}% 49
\BOOKMARK [1][-]{section.6}{\376\377\000E\000l\000e\000c\000t\000i\000o\000n\000\040\000o\000f\000\040\000N\000e\000w\000\040\000M\000e\000m\000b\000e\000r\000s}{}% 50
\BOOKMARK [2][-]{subsection.6.1}{\376\377\000P\000r\000o\000c\000e\000s\000s}{section.6}% 51
\BOOKMARK [2][-]{subsection.6.2}{\376\377\000A\000l\000u\000m\000n\000i\000\040\000a\000n\000d\000\040\000E\000m\000i\000n\000e\000n\000t\000\040\000E\000n\000g\000i\000n\000e\000e\000r\000\040\000C\000a\000n\000d\000i\000d\000a\000t\000e\000s}{section.6}% 52
\BOOKMARK [1][-]{section.7}{\376\377\000R\000e\000c\000o\000r\000d\000s\000\040\000a\000n\000d\000\040\000F\000i\000n\000a\000n\000c\000e}{}% 53
\BOOKMARK [2][-]{subsection.7.1}{\376\377\000R\000e\000c\000o\000r\000d\000\040\000M\000a\000i\000n\000t\000e\000n\000a\000n\000c\000e\000\040\000a\000n\000d\000\040\000T\000r\000a\000n\000s\000i\000t\000i\000o\000n}{section.7}% 54
\BOOKMARK [2][-]{subsection.7.2}{\376\377\000A\000p\000p\000r\000o\000v\000a\000l\000\040\000o\000f\000\040\000M\000i\000n\000u\000t\000e\000s}{section.7}% 55
\BOOKMARK [2][-]{subsection.7.3}{\376\377\000A\000u\000t\000h\000o\000r\000i\000z\000e\000d\000\040\000S\000i\000g\000n\000e\000r\000s}{section.7}% 56
\BOOKMARK [2][-]{subsection.7.4}{\376\377\000F\000i\000s\000c\000a\000l\000\040\000Y\000e\000a\000r}{section.7}% 57
\BOOKMARK [2][-]{subsection.7.5}{\376\377\000C\000h\000a\000p\000t\000e\000r\000\040\000B\000u\000d\000g\000e\000t}{section.7}% 58
\BOOKMARK [2][-]{subsection.7.6}{\376\377\000S\000p\000e\000n\000d\000i\000n\000g\000\040\000A\000u\000t\000h\000o\000r\000i\000t\000y}{section.7}% 59
\BOOKMARK [1][-]{section.8}{\376\377\000A\000c\000t\000i\000v\000e\000\040\000S\000t\000a\000t\000u\000s}{}% 60
\BOOKMARK [2][-]{subsection.8.1}{\376\377\000A\000c\000h\000i\000e\000v\000i\000n\000g\000\040\000A\000c\000t\000i\000v\000e\000\040\000S\000t\000a\000t\000u\000s}{section.8}% 61
\BOOKMARK [2][-]{subsection.8.2}{\376\377\000M\000a\000i\000n\000t\000a\000i\000n\000i\000n\000g\000\040\000A\000c\000t\000i\000v\000e\000\040\000S\000t\000a\000t\000u\000s}{section.8}% 62
\BOOKMARK [2][-]{subsection.8.3}{\376\377\000T\000r\000a\000c\000k\000i\000n\000g\000\040\000S\000t\000a\000t\000u\000s}{section.8}% 63
\BOOKMARK [2][-]{subsection.8.4}{\376\377\000B\000e\000n\000e\000f\000i\000t\000s\000\040\000o\000f\000\040\000A\000c\000t\000i\000v\000e\000\040\000S\000t\000a\000t\000u\000s}{section.8}% 64
\BOOKMARK [1][-]{section.9}{\376\377\000E\000n\000a\000c\000t\000m\000e\000n\000t\000\040\000a\000n\000d\000\040\000A\000m\000e\000n\000d\000m\000e\000n\000t}{}% 65
\BOOKMARK [2][-]{subsection.9.1}{\376\377\000E\000n\000a\000c\000t\000m\000e\000n\000t}{section.9}% 66
\BOOKMARK [2][-]{subsection.9.2}{\376\377\000A\000m\000e\000n\000d\000m\000e\000n\000t}{section.9}% 67
\BOOKMARK [2][-]{subsection.9.3}{\376\377\000A\000p\000p\000e\000n\000d\000i\000x\000\040\000A\000m\000e\000n\000d\000m\000e\000n\000t}{section.9}% 68
\BOOKMARK [1][-]{appendix.A}{\376\377\000U\000n\000d\000e\000r\000g\000r\000a\000d\000u\000a\000t\000e\000\040\000E\000l\000e\000c\000t\000e\000e\000\040\000R\000e\000q\000u\000i\000r\000e\000m\000e\000n\000t\000s}{}% 69
\BOOKMARK [2][-]{subsection.A.1}{\376\377\000M\000e\000e\000t\000i\000n\000g\000s}{appendix.A}% 70
\BOOKMARK [2][-]{subsection.A.2}{\376\377\000C\000h\000a\000r\000a\000c\000t\000e\000r}{appendix.A}% 71
\BOOKMARK [2][-]{subsection.A.3}{\376\377\000D\000u\000e\000s}{appendix.A}% 72
\BOOKMARK [2][-]{subsection.A.4}{\376\377\000E\000l\000e\000c\000t\000e\000e\000\040\000E\000x\000a\000m}{appendix.A}% 73
\BOOKMARK [2][-]{subsection.A.5}{\376\377\000P\000e\000e\000r\000\040\000I\000n\000t\000e\000r\000v\000i\000e\000w\000s}{appendix.A}% 74
\BOOKMARK [2][-]{subsection.A.6}{\376\377\000T\000u\000t\000o\000r\000i\000n\000g}{appendix.A}% 75
\BOOKMARK [2][-]{subsection.A.7}{\376\377\000K\000-\0001\0002\000\040\000O\000u\000t\000r\000e\000a\000c\000h}{appendix.A}% 76
\BOOKMARK [2][-]{subsection.A.8}{\376\377\000S\000e\000r\000v\000i\000c\000e}{appendix.A}% 77
\BOOKMARK [2][-]{subsection.A.9}{\376\377\000P\000r\000o\000f\000e\000s\000s\000i\000o\000n\000a\000l\000\040\000D\000e\000v\000e\000l\000o\000p\000e\000m\000e\000n\000t}{appendix.A}% 78
\BOOKMARK [2][-]{subsection.A.10}{\376\377\000S\000o\000c\000i\000a\000l\000s}{appendix.A}% 79
\BOOKMARK [2][-]{subsection.A.11}{\376\377\000G\000r\000o\000u\000p\000\040\000M\000e\000e\000t\000i\000n\000g\000s}{appendix.A}% 80
\BOOKMARK [2][-]{subsection.A.12}{\376\377\000I\000n\000i\000t\000i\000a\000t\000i\000o\000n}{appendix.A}% 81
\BOOKMARK [2][-]{subsection.A.13}{\376\377\000T\000i\000m\000i\000n\000g\000\040\000a\000n\000d\000\040\000D\000e\000a\000d\000l\000i\000n\000e\000s}{appendix.A}% 82
\BOOKMARK [1][-]{appendix.B}{\376\377\000G\000r\000a\000d\000u\000a\000t\000e\000\040\000E\000l\000e\000c\000t\000e\000e\000\040\000R\000e\000q\000u\000i\000r\000e\000m\000e\000n\000t\000s}{}% 83
\BOOKMARK [2][-]{subsection.B.1}{\376\377\000M\000e\000e\000t\000i\000n\000g\000s}{appendix.B}% 84
\BOOKMARK [2][-]{subsection.B.2}{\376\377\000C\000h\000a\000r\000a\000c\000t\000e\000r}{appendix.B}% 85
\BOOKMARK [2][-]{subsection.B.3}{\376\377\000S\000e\000r\000v\000i\000c\000e}{appendix.B}% 86
\BOOKMARK [2][-]{subsection.B.4}{\376\377\000I\000n\000t\000e\000r\000v\000i\000e\000w}{appendix.B}% 87
\BOOKMARK [2][-]{subsection.B.5}{\376\377\000A\000d\000v\000i\000s\000o\000r\000\040\000F\000o\000r\000m}{appendix.B}% 88
\BOOKMARK [2][-]{subsection.B.6}{\376\377\000D\000u\000e\000s}{appendix.B}% 89
\BOOKMARK [2][-]{subsection.B.7}{\376\377\000S\000o\000c\000i\000a\000l\000s}{appendix.B}% 90
\BOOKMARK [2][-]{subsection.B.8}{\376\377\000G\000r\000o\000u\000p\000\040\000M\000e\000e\000t\000i\000n\000g\000s}{appendix.B}% 91
\BOOKMARK [2][-]{subsection.B.9}{\376\377\000I\000n\000i\000t\000i\000a\000t\000i\000o\000n}{appendix.B}% 92
\BOOKMARK [2][-]{subsection.B.10}{\376\377\000T\000i\000m\000i\000n\000g\000\040\000a\000n\000d\000\040\000D\000e\000a\000d\000l\000i\000n\000e\000s}{appendix.B}% 93
\BOOKMARK [1][-]{appendix.C}{\376\377\000A\000l\000u\000m\000n\000i\000\040\000C\000a\000n\000d\000i\000d\000a\000t\000e\000\040\000R\000e\000q\000u\000i\000r\000e\000m\000e\000n\000t\000s}{}% 94
\BOOKMARK [2][-]{subsection.C.1}{\376\377\000S\000c\000o\000p\000e}{appendix.C}% 95
\BOOKMARK [2][-]{subsection.C.2}{\376\377\000C\000h\000a\000p\000t\000e\000r\000\040\000I\000n\000v\000o\000l\000v\000e\000m\000e\000n\000t}{appendix.C}% 96
\BOOKMARK [2][-]{subsection.C.3}{\376\377\000I\000n\000t\000e\000r\000v\000i\000e\000w}{appendix.C}% 97
\BOOKMARK [2][-]{subsection.C.4}{\376\377\000C\000h\000a\000r\000a\000c\000t\000e\000r}{appendix.C}% 98
\BOOKMARK [2][-]{subsection.C.5}{\376\377\000D\000u\000e\000s}{appendix.C}% 99
\BOOKMARK [2][-]{subsection.C.6}{\376\377\000I\000n\000i\000t\000i\000a\000t\000i\000o\000n}{appendix.C}% 100
\BOOKMARK [2][-]{subsection.C.7}{\376\377\000T\000i\000m\000i\000n\000g}{appendix.C}% 101
\BOOKMARK [2][-]{subsection.C.8}{\376\377\000D\000e\000a\000d\000l\000i\000n\000e\000s}{appendix.C}% 102
\BOOKMARK [1][-]{appendix.D}{\376\377\000D\000i\000s\000t\000i\000n\000g\000u\000i\000s\000h\000e\000d\000\040\000A\000c\000t\000i\000v\000e\000\040\000S\000t\000a\000t\000u\000s\000\040\000G\000u\000i\000d\000e\000l\000i\000n\000e\000s}{}% 103
\BOOKMARK [2][-]{subsection.D.1}{\376\377\000R\000e\000q\000u\000i\000r\000e\000m\000e\000n\000t\000s}{appendix.D}% 104
\BOOKMARK [3][-]{Item.91}{\376\377\000D\000.\0001\000.\000a\000\040\000L\000e\000a\000d\000e\000r\000s\000h\000i\000p}{subsection.D.1}% 105
\BOOKMARK [3][-]{Item.92}{\376\377\000D\000.\0001\000.\000b\000\040\000I\000n\000t\000e\000r\000v\000i\000e\000w\000s}{subsection.D.1}% 106
\BOOKMARK [3][-]{Item.93}{\376\377\000D\000.\0001\000.\000c\000\040\000V\000o\000t\000i\000n\000g\000\040\000M\000e\000e\000t\000i\000n\000g\000\040\000A\000t\000t\000e\000n\000d\000a\000n\000c\000e}{subsection.D.1}% 107
\BOOKMARK [3][-]{Item.94}{\376\377\000D\000.\0001\000.\000d\000\040\000M\000e\000e\000t\000i\000n\000g\000\040\000A\000t\000t\000e\000n\000d\000a\000n\000c\000e}{subsection.D.1}% 108
\BOOKMARK [3][-]{Item.95}{\376\377\000D\000.\0001\000.\000e\000\040\000S\000e\000r\000v\000i\000c\000e}{subsection.D.1}% 109
\BOOKMARK [3][-]{Item.96}{\376\377\000D\000.\0001\000.\000f\000\040\000S\000o\000c\000i\000a\000l\000s\000\040\000a\000n\000d\000\040\000P\000r\000o\000f\000e\000s\000s\000i\000o\000n\000a\000l\000\040\000D\000e\000v\000e\000l\000o\000p\000m\000e\000n\000t}{subsection.D.1}% 110
\BOOKMARK [3][-]{Item.97}{\376\377\000D\000.\0001\000.\000g\000\040\000E\000x\000t\000r\000a}{subsection.D.1}% 111
\BOOKMARK [2][-]{subsection.D.2}{\376\377\000A\000t\000t\000a\000i\000n\000i\000n\000g\000\040\000D\000A\000\040\000d\000u\000r\000i\000n\000g\000\040\000I\000n\000i\000t\000i\000a\000t\000i\000o\000n\000\040\000S\000e\000m\000e\000s\000t\000e\000r}{appendix.D}% 112
\BOOKMARK [3][-]{Item.98}{\376\377\000D\000.\0002\000.\000a\000\040\000L\000e\000a\000d\000e\000r\000s\000h\000i\000p}{subsection.D.2}% 113
\BOOKMARK [3][-]{Item.99}{\376\377\000D\000.\0002\000.\000b\000\040\000S\000e\000r\000v\000i\000c\000e}{subsection.D.2}% 114
\BOOKMARK [3][-]{Item.100}{\376\377\000D\000.\0002\000.\000c\000\040\000S\000o\000c\000i\000a\000l\000s}{subsection.D.2}% 115
\BOOKMARK [3][-]{Item.101}{\376\377\000D\000.\0002\000.\000d\000\040\000E\000x\000t\000r\000a}{subsection.D.2}% 116
\BOOKMARK [2][-]{subsection.D.3}{\376\377\000N\000a\000t\000i\000o\000n\000a\000l\000\040\000C\000o\000n\000v\000e\000n\000t\000i\000o\000n\000\040\000D\000i\000s\000t\000i\000n\000g\000u\000i\000s\000h\000e\000d\000\040\000A\000c\000t\000i\000v\000e\000\040\000S\000t\000a\000t\000u\000s}{appendix.D}% 117
\BOOKMARK [2][-]{subsection.D.4}{\376\377\000G\000i\000f\000t}{appendix.D}% 118
\BOOKMARK [3][-]{Item.102}{\376\377\000D\000.\0004\000.\000a\000\040\000F\000i\000r\000s\000t\000\040\000T\000e\000r\000m}{subsection.D.4}% 119
\BOOKMARK [3][-]{Item.103}{\376\377\000D\000.\0004\000.\000b\000\040\000M\000u\000l\000t\000i\000p\000l\000e\000\040\000T\000e\000r\000m\000s}{subsection.D.4}% 120
\BOOKMARK [2][-]{subsection.D.5}{\376\377\000T\000i\000m\000i\000n\000g\000\040\000a\000n\000d\000\040\000D\000e\000a\000d\000l\000i\000n\000e\000s\000\040\000t\000o\000\040\000A\000c\000h\000i\000e\000v\000e\000\040\000S\000t\000a\000t\000u\000s}{appendix.D}% 121
\BOOKMARK [2][-]{subsection.D.6}{\376\377\000T\000i\000m\000i\000n\000g\000\040\000L\000i\000m\000i\000t\000\040\000t\000o\000\040\000C\000l\000a\000i\000m}{appendix.D}% 122
\BOOKMARK [2][-]{subsection.D.7}{\376\377\000E\000x\000c\000e\000p\000t\000i\000o\000n\000s}{appendix.D}% 123
\BOOKMARK [1][-]{appendix.E}{\376\377\000P\000r\000e\000s\000t\000i\000g\000i\000o\000u\000s\000\040\000A\000c\000t\000i\000v\000e\000\040\000S\000t\000a\000t\000u\000s\000\040\000G\000u\000i\000d\000e\000l\000i\000n\000e\000s}{}% 124
\BOOKMARK [2][-]{subsection.E.1}{\376\377\000R\000e\000q\000u\000i\000r\000e\000m\000e\000n\000t\000s}{appendix.E}% 125
\BOOKMARK [3][-]{Item.104}{\376\377\000E\000.\0001\000.\000a\000\040\000D\000A\000\040\000S\000t\000a\000t\000u\000s}{subsection.E.1}% 126
\BOOKMARK [3][-]{Item.105}{\376\377\000E\000.\0001\000.\000b\000\040\000T\000o\000t\000a\000l\000\040\000I\000n\000v\000o\000l\000v\000e\000m\000e\000n\000t}{subsection.E.1}% 127
\BOOKMARK [2][-]{subsection.E.2}{\376\377\000G\000i\000f\000t}{appendix.E}% 128
\BOOKMARK [2][-]{subsection.E.3}{\376\377\000T\000i\000m\000i\000n\000g\000\040\000a\000n\000d\000\040\000D\000e\000a\000d\000l\000i\000n\000e\000s}{appendix.E}% 129
\BOOKMARK [2][-]{subsection.E.4}{\376\377\000A\000t\000t\000a\000i\000n\000i\000n\000g\000\040\000P\000A\000\040\000d\000u\000r\000i\000n\000g\000\040\000I\000n\000i\000t\000i\000a\000t\000i\000o\000n\000\040\000S\000e\000m\000e\000s\000t\000e\000r}{appendix.E}% 130
\BOOKMARK [2][-]{subsection.E.5}{\376\377\000E\000x\000c\000e\000p\000t\000i\000o\000n\000s}{appendix.E}% 131
\BOOKMARK [1][-]{appendix.F}{\376\377\000O\000f\000f\000i\000c\000e\000r\000\040\000R\000e\000q\000u\000i\000r\000e\000m\000e\000n\000t\000s\000\040\000a\000n\000d\000\040\000D\000e\000s\000c\000r\000i\000p\000t\000i\000o\000n\000s}{}% 132
\BOOKMARK [2][-]{subsection.F.1}{\376\377\000E\000x\000e\000c\000u\000t\000i\000v\000e\000\040\000C\000o\000m\000m\000i\000t\000t\000e\000e}{appendix.F}% 133
\BOOKMARK [3][-]{Item.110}{\376\377\000F\000.\0001\000.\000a\000\040\000P\000r\000e\000s\000i\000d\000e\000n\000t}{subsection.F.1}% 134
\BOOKMARK [3][-]{Item.111}{\376\377\000F\000.\0001\000.\000b\000\040\000V\000i\000c\000e\000\040\000P\000r\000e\000s\000i\000d\000e\000n\000t}{subsection.F.1}% 135
\BOOKMARK [3][-]{Item.112}{\376\377\000F\000.\0001\000.\000c\000\040\000S\000e\000c\000r\000e\000t\000a\000r\000y}{subsection.F.1}% 136
\BOOKMARK [3][-]{Item.113}{\376\377\000F\000.\0001\000.\000d\000\040\000T\000r\000e\000a\000s\000u\000r\000e\000r}{subsection.F.1}% 137
\BOOKMARK [3][-]{Item.114}{\376\377\000F\000.\0001\000.\000e\000\040\000G\000r\000a\000d\000u\000a\000t\000e\000\040\000S\000t\000u\000d\000e\000n\000t\000\040\000V\000i\000c\000e\000\040\000P\000r\000e\000s\000i\000d\000e\000n\000t}{subsection.F.1}% 138
\BOOKMARK [3][-]{Item.115}{\376\377\000F\000.\0001\000.\000f\000\040\000E\000x\000t\000e\000r\000n\000a\000l\000\040\000V\000i\000c\000e\000\040\000P\000r\000e\000s\000i\000d\000e\000n\000t\000s}{subsection.F.1}% 139
\BOOKMARK [2][-]{subsection.F.2}{\376\377\000E\000v\000e\000n\000t\000s\000\040\000T\000e\000a\000m}{appendix.F}% 140
\BOOKMARK [3][-]{Item.116}{\376\377\000F\000.\0002\000.\000a\000\040\000S\000e\000r\000v\000i\000c\000e\000\040\000C\000o\000o\000r\000d\000i\000n\000a\000t\000o\000r}{subsection.F.2}% 141
\BOOKMARK [3][-]{Item.117}{\376\377\000F\000.\0002\000.\000b\000\040\000K\000-\0001\0002\000\040\000O\000u\000t\000r\000e\000a\000c\000h\000\040\000O\000f\000f\000i\000c\000e\000r\000s}{subsection.F.2}% 142
\BOOKMARK [3][-]{Item.118}{\376\377\000F\000.\0002\000.\000c\000\040\000C\000a\000m\000p\000u\000s\000\040\000O\000u\000t\000r\000e\000a\000c\000h\000\040\000O\000f\000f\000i\000c\000e\000r}{subsection.F.2}% 143
\BOOKMARK [3][-]{Item.119}{\376\377\000F\000.\0002\000.\000d\000\040\000A\000c\000t\000i\000v\000i\000t\000i\000e\000s\000\040\000O\000f\000f\000i\000c\000e\000r}{subsection.F.2}% 144
\BOOKMARK [3][-]{Item.120}{\376\377\000F\000.\0002\000.\000e\000\040\000P\000r\000o\000f\000e\000s\000s\000i\000o\000n\000a\000l\000\040\000D\000e\000v\000e\000l\000o\000p\000m\000e\000n\000t\000\040\000O\000f\000f\000i\000c\000e\000r}{subsection.F.2}% 145
\BOOKMARK [2][-]{subsection.F.3}{\376\377\000C\000h\000a\000p\000t\000e\000r\000\040\000T\000e\000a\000m}{appendix.F}% 146
\BOOKMARK [3][-]{Item.121}{\376\377\000F\000.\0003\000.\000a\000\040\000C\000h\000a\000p\000t\000e\000r\000\040\000D\000e\000v\000e\000l\000o\000p\000m\000e\000n\000t\000\040\000O\000f\000f\000i\000c\000e\000r}{subsection.F.3}% 147
\BOOKMARK [3][-]{Item.122}{\376\377\000F\000.\0003\000.\000b\000\040\000H\000i\000s\000t\000o\000r\000i\000a\000n}{subsection.F.3}% 148
\BOOKMARK [3][-]{Item.123}{\376\377\000F\000.\0003\000.\000c\000\040\000P\000u\000b\000l\000i\000c\000i\000t\000y\000\040\000O\000f\000f\000i\000c\000e\000r}{subsection.F.3}% 149
\BOOKMARK [3][-]{Item.124}{\376\377\000F\000.\0003\000.\000d\000\040\000M\000e\000m\000b\000e\000r\000s\000h\000i\000p\000\040\000O\000f\000f\000i\000c\000e\000r}{subsection.F.3}% 150
\BOOKMARK [2][-]{subsection.F.4}{\376\377\000A\000d\000\040\000H\000o\000c\000\040\000O\000f\000f\000i\000c\000e\000r\000s}{appendix.F}% 151
\BOOKMARK [1][-]{appendix.G}{\376\377\000C\000o\000m\000m\000i\000t\000t\000e\000e\000s}{}% 152
\BOOKMARK [2][-]{subsection.G.1}{\376\377\000C\000o\000m\000m\000i\000t\000t\000e\000e\000\040\000P\000a\000r\000t\000i\000c\000i\000p\000a\000t\000i\000o\000n}{appendix.G}% 153
\BOOKMARK [2][-]{subsection.G.2}{\376\377\000S\000t\000a\000n\000d\000i\000n\000g\000\040\000C\000o\000m\000m\000i\000t\000t\000e\000e\000s}{appendix.G}% 154
\BOOKMARK [3][-]{Item.125}{\376\377\000G\000.\0002\000.\000a\000\040\000P\000r\000o\000f\000e\000s\000s\000i\000o\000n\000a\000l\000\040\000D\000e\000v\000e\000l\000o\000p\000m\000e\000n\000t\000\040\000C\000o\000m\000m\000i\000t\000t\000e\000e}{subsection.G.2}% 155
\BOOKMARK [3][-]{Item.126}{\376\377\000G\000.\0002\000.\000b\000\040\000W\000e\000b\000s\000i\000t\000e\000\040\000C\000o\000m\000m\000i\000t\000t\000e\000e}{subsection.G.2}% 156
\BOOKMARK [3][-]{Item.127}{\376\377\000G\000.\0002\000.\000c\000\040\000G\000r\000o\000u\000p\000\040\000L\000e\000a\000d\000e\000r\000s\000\040\000C\000o\000m\000m\000i\000t\000t\000e\000e}{subsection.G.2}% 157
\BOOKMARK [3][-]{Item.128}{\376\377\000G\000.\0002\000.\000d\000\040\000D\000i\000v\000e\000r\000s\000i\000t\000y\000,\000\040\000E\000q\000u\000i\000t\000y\000,\000\040\000\046\000\040\000I\000n\000c\000l\000u\000s\000i\000o\000n\000\040\000S\000t\000e\000e\000r\000i\000n\000g\000\040\000C\000o\000m\000m\000i\000t\000t\000e\000e}{subsection.G.2}% 158
\BOOKMARK [3][-]{Item.129}{\376\377\000G\000.\0002\000.\000e\000\040\000K\000-\0001\0002\000\040\000O\000u\000t\000r\000e\000a\000c\000h\000\040\000C\000o\000m\000m\000i\000t\000t\000e\000e}{subsection.G.2}% 159
\BOOKMARK [2][-]{subsection.G.3}{\376\377\000A\000d\000\040\000H\000o\000c\000\040\000C\000o\000m\000m\000i\000t\000t\000e\000e\000s}{appendix.G}% 160
\BOOKMARK [3][-]{Item.130}{\376\377\000G\000.\0003\000.\000a\000\040\000B\000a\000n\000q\000u\000e\000t\000\040\000A\000r\000r\000a\000n\000g\000e\000m\000e\000n\000t\000s\000\040\000C\000o\000m\000m\000i\000t\000t\000e\000e}{subsection.G.3}% 161
\BOOKMARK [1][-]{appendix.H}{\376\377\000C\000h\000a\000i\000r\000s}{}% 162
\BOOKMARK [2][-]{subsection.H.1}{\376\377\000C\000u\000r\000r\000e\000n\000t\000\040\000C\000h\000a\000i\000r\000\040\000P\000o\000s\000i\000t\000i\000o\000n\000s}{appendix.H}% 163
\BOOKMARK [3][-]{Item.131}{\376\377\000H\000.\0001\000.\000a\000\040\000W\000e\000b\000s\000i\000t\000e\000\040\000C\000h\000a\000i\000r}{subsection.H.1}% 164
\BOOKMARK [3][-]{Item.132}{\376\377\000H\000.\0001\000.\000b\000\040\000O\000u\000t\000r\000e\000a\000c\000h\000\040\000C\000h\000a\000i\000r}{subsection.H.1}% 165
\BOOKMARK [3][-]{Item.133}{\376\377\000H\000.\0001\000.\000c\000\040\000A\000p\000p\000a\000r\000e\000l\000\040\000C\000h\000a\000i\000r}{subsection.H.1}% 166
\BOOKMARK [3][-]{Item.134}{\376\377\000H\000.\0001\000.\000d\000\040\000A\000l\000u\000m\000n\000i\000\040\000R\000e\000l\000a\000t\000i\000o\000n\000s\000\040\000C\000h\000a\000i\000r}{subsection.H.1}% 167
\BOOKMARK [3][-]{Item.135}{\376\377\000H\000.\0001\000.\000e\000\040\000G\000r\000a\000d\000u\000a\000t\000e\000\040\000S\000t\000u\000d\000e\000n\000t\000\040\000A\000c\000t\000i\000v\000i\000t\000i\000e\000s\000\040\000C\000h\000a\000i\000r}{subsection.H.1}% 168
\BOOKMARK [3][-]{Item.136}{\376\377\000H\000.\0001\000.\000f\000\040\000B\000a\000n\000q\000u\000e\000t\000\040\000A\000r\000r\000a\000n\000g\000e\000m\000e\000n\000t\000s\000\040\000C\000h\000a\000i\000r}{subsection.H.1}% 169
\BOOKMARK [3][-]{Item.137}{\376\377\000H\000.\0001\000.\000g\000\040\000M\000i\000n\000d\000s\000e\000t\000\040\000C\000h\000a\000i\000r}{subsection.H.1}% 170
\BOOKMARK [3][-]{Item.138}{\376\377\000H\000.\0001\000.\000h\000\040\000N\000e\000w\000\040\000I\000n\000i\000t\000i\000a\000t\000i\000v\000e\000s\000\040\000C\000h\000a\000i\000r}{subsection.H.1}% 171
\BOOKMARK [3][-]{Item.139}{\376\377\000H\000.\0001\000.\000i\000\040\000M\000e\000r\000i\000t\000\040\000B\000a\000d\000g\000e\000\040\000D\000a\000y\000\040\000C\000h\000a\000i\000r}{subsection.H.1}% 172
\BOOKMARK [3][-]{Item.140}{\376\377\000H\000.\0001\000.\000j\000\040\000C\000a\000r\000e\000e\000r\000\040\000F\000a\000i\000r\000\040\000C\000h\000a\000i\000r}{subsection.H.1}% 173
\BOOKMARK [3][-]{Item.141}{\376\377\000H\000.\0001\000.\000k\000\040\000C\000u\000b\000\040\000S\000c\000o\000u\000t\000s\000\040\000D\000a\000y\000\040\000C\000h\000a\000i\000r}{subsection.H.1}% 174
\BOOKMARK [3][-]{Item.142}{\376\377\000H\000.\0001\000.\000l\000\040\000E\000n\000g\000i\000n\000e\000e\000r\000i\000n\000g\000\040\000D\000a\000y\000\040\000f\000o\000r\000\040\000D\000e\000t\000r\000o\000i\000t\000\040\000C\000h\000a\000i\000r}{subsection.H.1}% 175
