\BOOKMARK [1][-]{section.1}{\376\377\000G\000o\000v\000e\000r\000n\000m\000e\000n\000t}{}% 1
\BOOKMARK [2][-]{subsection.1.1}{\376\377\000C\000h\000a\000p\000t\000e\000r\000\040\000O\000f\000f\000i\000c\000e\000r\000s}{section.1}% 2
\BOOKMARK [2][-]{subsection.1.2}{\376\377\000A\000d\000v\000i\000s\000o\000r\000s}{section.1}% 3
\BOOKMARK [2][-]{subsection.1.3}{\376\377\000A\000d\000v\000i\000s\000o\000r\000y\000\040\000B\000o\000a\000r\000d}{section.1}% 4
\BOOKMARK [2][-]{subsection.1.4}{\376\377\000O\000f\000f\000i\000c\000e\000r\000\040\000C\000o\000r\000p\000s}{section.1}% 5
\BOOKMARK [3][-]{Item.3}{\376\377\000M\000e\000m\000b\000e\000r\000s\000h\000i\000p\000\040\000a\000n\000d\000\040\000R\000e\000s\000p\000o\000n\000s\000i\000b\000i\000l\000i\000t\000i\000e\000s}{subsection.1.4}% 6
\BOOKMARK [4][-]{Item.4}{\376\377\000I\000n\000i\000t\000i\000a\000t\000i\000o\000n\000\040\000D\000u\000e\000s}{Item.3}% 7
\BOOKMARK [4][-]{Item.5}{\376\377\000F\000u\000n\000d\000\040\000A\000d\000m\000i\000n\000i\000s\000t\000r\000a\000t\000i\000o\000n}{Item.3}% 8
\BOOKMARK [4][-]{Item.6}{\376\377\000C\000r\000e\000a\000t\000i\000o\000n\000\040\000o\000f\000\040\000A\000d\000\040\000H\000o\000c\000\040\000O\000f\000f\000i\000c\000e\000r\000\040\000P\000o\000s\000i\000t\000i\000o\000n\000s}{Item.3}% 9
\BOOKMARK [4][-]{Item.10}{\376\377\000C\000r\000e\000a\000t\000i\000o\000n\000\040\000o\000f\000\040\000C\000h\000a\000i\000r\000\040\000P\000o\000s\000i\000t\000i\000o\000n\000s}{Item.3}% 10
\BOOKMARK [3][-]{Item.14}{\376\377\000O\000f\000f\000i\000c\000e\000r\000\040\000T\000e\000a\000m\000s}{subsection.1.4}% 11
\BOOKMARK [4][-]{Item.15}{\376\377\000T\000e\000a\000m\000\040\000L\000e\000a\000d\000s}{Item.14}% 12
\BOOKMARK [4][-]{Item.16}{\376\377\000P\000u\000r\000p\000o\000s\000e}{Item.14}% 13
\BOOKMARK [4][-]{Item.17}{\376\377\000E\000x\000e\000c\000u\000t\000i\000v\000e\000\040\000C\000o\000m\000m\000i\000t\000t\000e\000e}{Item.14}% 14
\BOOKMARK [2][-]{subsection.1.5}{\376\377\000C\000o\000m\000m\000i\000t\000t\000e\000e\000s}{section.1}% 15
\BOOKMARK [3][-]{Item.18}{\376\377\000P\000u\000r\000p\000o\000s\000e}{subsection.1.5}% 16
\BOOKMARK [3][-]{Item.19}{\376\377\000S\000t\000a\000n\000d\000i\000n\000g\000\040\000C\000o\000m\000m\000i\000t\000t\000e\000e\000s}{subsection.1.5}% 17
\BOOKMARK [3][-]{Item.20}{\376\377\000A\000d\000\040\000H\000o\000c\000\040\000C\000o\000m\000m\000i\000t\000t\000e\000e\000s}{subsection.1.5}% 18
\BOOKMARK [4][-]{Item.21}{\376\377\000E\000n\000u\000m\000e\000r\000a\000t\000i\000o\000n}{Item.20}% 19
\BOOKMARK [4][-]{Item.22}{\376\377\000C\000h\000a\000i\000r}{Item.20}% 20
\BOOKMARK [4][-]{Item.23}{\376\377\000M\000e\000m\000b\000e\000r\000s\000h\000i\000p}{Item.20}% 21
\BOOKMARK [4][-]{Item.24}{\376\377\000D\000u\000r\000a\000t\000i\000o\000n}{Item.20}% 22
\BOOKMARK [2][-]{subsection.1.6}{\376\377\000C\000h\000a\000i\000r\000s}{section.1}% 23
\BOOKMARK [3][-]{Item.25}{\376\377\000P\000u\000r\000p\000o\000s\000e}{subsection.1.6}% 24
\BOOKMARK [3][-]{Item.26}{\376\377\000C\000r\000e\000a\000t\000i\000o\000n}{subsection.1.6}% 25
\BOOKMARK [3][-]{Item.27}{\376\377\000D\000i\000s\000s\000o\000l\000u\000t\000i\000o\000n\000\040\000a\000n\000d\000\040\000R\000e\000m\000o\000v\000a\000l}{subsection.1.6}% 26
\BOOKMARK [2][-]{subsection.1.7}{\376\377\000T\000e\000r\000m\000s\000\040\000o\000f\000\040\000O\000f\000f\000i\000c\000e}{section.1}% 27
\BOOKMARK [1][-]{section.2}{\376\377\000E\000l\000e\000c\000t\000i\000o\000n\000\040\000o\000f\000\040\000O\000f\000f\000i\000c\000e\000r\000s}{}% 28
\BOOKMARK [2][-]{subsection.2.1}{\376\377\000O\000f\000f\000i\000c\000e\000r\000\040\000E\000l\000e\000c\000t\000i\000o\000n\000\040\000M\000e\000e\000t\000i\000n\000g}{section.2}% 29
\BOOKMARK [2][-]{subsection.2.2}{\376\377\000A\000c\000t\000i\000v\000e\000\040\000S\000t\000a\000t\000u\000s\000\040\000f\000o\000r\000\040\000V\000o\000t\000i\000n\000g\000\040\000M\000e\000e\000t\000i\000n\000g\000s}{section.2}% 30
\BOOKMARK [3][-]{Item.28}{\376\377\000I\000n\000a\000c\000t\000i\000v\000e\000\040\000M\000e\000m\000b\000e\000r\000s}{subsection.2.2}% 31
\BOOKMARK [3][-]{Item.29}{\376\377\000A\000l\000u\000m\000n\000i\000\040\000M\000e\000m\000b\000e\000r\000s}{subsection.2.2}% 32
\BOOKMARK [2][-]{subsection.2.3}{\376\377\000I\000n\000c\000u\000m\000b\000e\000n\000t\000\040\000E\000l\000i\000g\000i\000b\000i\000l\000i\000t\000y}{section.2}% 33
\BOOKMARK [2][-]{subsection.2.4}{\376\377\000N\000o\000m\000i\000n\000a\000t\000i\000o\000n\000s}{section.2}% 34
\BOOKMARK [2][-]{subsection.2.5}{\376\377\000E\000l\000e\000c\000t\000i\000o\000n\000\040\000O\000r\000d\000e\000r}{section.2}% 35
\BOOKMARK [2][-]{subsection.2.6}{\376\377\000C\000a\000n\000d\000i\000d\000a\000t\000e\000\040\000S\000p\000e\000e\000c\000h\000e\000s}{section.2}% 36
\BOOKMARK [2][-]{subsection.2.7}{\376\377\000C\000a\000n\000d\000i\000d\000a\000t\000e\000\040\000D\000i\000s\000c\000u\000s\000s\000i\000o\000n}{section.2}% 37
\BOOKMARK [2][-]{subsection.2.8}{\376\377\000W\000i\000n\000n\000i\000n\000g\000\040\000t\000h\000e\000\040\000E\000l\000e\000c\000t\000i\000o\000n}{section.2}% 38
\BOOKMARK [2][-]{subsection.2.9}{\376\377\000T\000e\000r\000m\000\040\000C\000o\000m\000m\000e\000n\000c\000e\000m\000e\000n\000t}{section.2}% 39
\BOOKMARK [2][-]{subsection.2.10}{\376\377\000V\000a\000c\000a\000n\000t\000\040\000O\000f\000f\000i\000c\000e\000s}{section.2}% 40
\BOOKMARK [1][-]{section.3}{\376\377\000E\000l\000e\000c\000t\000i\000o\000n\000\040\000o\000f\000\040\000A\000d\000v\000i\000s\000o\000r\000s}{}% 41
\BOOKMARK [2][-]{subsection.3.1}{\376\377\000E\000l\000e\000c\000t\000i\000o\000n\000\040\000M\000e\000e\000t\000i\000n\000g\000,\000\040\000Q\000u\000o\000r\000u\000m\000,\000\040\000E\000l\000i\000g\000i\000b\000i\000l\000i\000t\000y\000,\000\040\000a\000n\000d\000\040\000N\000o\000m\000i\000n\000a\000t\000i\000o\000n\000s}{section.3}% 42
\BOOKMARK [2][-]{subsection.3.2}{\376\377\000C\000a\000n\000d\000i\000d\000a\000t\000e\000\040\000S\000p\000e\000e\000c\000h\000e\000s}{section.3}% 43
\BOOKMARK [2][-]{subsection.3.3}{\376\377\000C\000a\000n\000d\000i\000d\000a\000t\000e\000\040\000D\000i\000s\000c\000u\000s\000s\000i\000o\000n}{section.3}% 44
\BOOKMARK [2][-]{subsection.3.4}{\376\377\000W\000i\000n\000n\000i\000n\000g\000\040\000t\000h\000e\000\040\000E\000l\000e\000c\000t\000i\000o\000n}{section.3}% 45
\BOOKMARK [2][-]{subsection.3.5}{\376\377\000T\000e\000r\000m\000\040\000L\000e\000n\000g\000t\000h}{section.3}% 46
\BOOKMARK [2][-]{subsection.3.6}{\376\377\000T\000e\000r\000m\000\040\000C\000o\000m\000m\000e\000n\000c\000e\000m\000e\000n\000t}{section.3}% 47
\BOOKMARK [1][-]{section.4}{\376\377\000A\000p\000p\000o\000i\000n\000t\000m\000e\000n\000t\000\040\000o\000f\000\040\000O\000f\000f\000i\000c\000e\000r\000s\000\040\000a\000n\000d\000\040\000C\000h\000a\000i\000r\000s}{}% 48
\BOOKMARK [2][-]{subsection.4.1}{\376\377\000A\000p\000p\000o\000i\000n\000t\000e\000d\000\040\000O\000f\000f\000i\000c\000e\000s}{section.4}% 49
\BOOKMARK [2][-]{subsection.4.2}{\376\377\000D\000e\000f\000a\000u\000l\000t\000\040\000A\000p\000p\000o\000i\000n\000t\000m\000e\000n\000t\000\040\000P\000r\000o\000c\000e\000d\000u\000r\000e}{section.4}% 50
\BOOKMARK [2][-]{subsection.4.3}{\376\377\000E\000x\000t\000e\000r\000n\000a\000l\000\040\000V\000i\000c\000e\000\040\000P\000r\000e\000s\000i\000d\000e\000n\000t\000\040\000A\000p\000p\000o\000i\000n\000t\000m\000e\000n\000t}{section.4}% 51
\BOOKMARK [2][-]{subsection.4.4}{\376\377\000K\000-\0001\0002\000\040\000O\000u\000t\000r\000e\000a\000c\000h\000\040\000O\000f\000f\000i\000c\000e\000r\000\040\000A\000p\000p\000o\000i\000n\000t\000m\000e\000n\000t}{section.4}% 52
\BOOKMARK [2][-]{subsection.4.5}{\376\377\000A\000d\000\040\000H\000o\000c\000\040\000O\000f\000f\000i\000c\000e\000r\000\040\000A\000p\000p\000o\000i\000n\000t\000m\000e\000n\000t}{section.4}% 53
\BOOKMARK [2][-]{subsection.4.6}{\376\377\000C\000h\000a\000i\000r\000\040\000A\000p\000p\000o\000i\000n\000t\000m\000e\000n\000t}{section.4}% 54
\BOOKMARK [2][-]{subsection.4.7}{\376\377\000P\000r\000o\000j\000e\000c\000t\000\040\000L\000e\000a\000d\000e\000r\000s}{section.4}% 55
\BOOKMARK [1][-]{section.5}{\376\377\000M\000e\000e\000t\000i\000n\000g\000s}{}% 56
\BOOKMARK [2][-]{subsection.5.1}{\376\377\000G\000e\000n\000e\000r\000a\000l\000\040\000M\000e\000e\000t\000i\000n\000g\000s}{section.5}% 57
\BOOKMARK [2][-]{subsection.5.2}{\376\377\000O\000f\000f\000i\000c\000e\000r\000/\000A\000d\000v\000i\000s\000o\000r\000\040\000M\000e\000e\000t\000i\000n\000g\000s}{section.5}% 58
\BOOKMARK [2][-]{subsection.5.3}{\376\377\000N\000e\000w\000\040\000I\000n\000i\000t\000i\000a\000t\000i\000v\000e\000s\000\040\000M\000e\000e\000t\000i\000n\000g\000s}{section.5}% 59
\BOOKMARK [2][-]{subsection.5.4}{\376\377\000S\000p\000e\000c\000i\000a\000l\000\040\000M\000e\000e\000t\000i\000n\000g\000s}{section.5}% 60
\BOOKMARK [1][-]{section.6}{\376\377\000E\000l\000e\000c\000t\000i\000o\000n\000\040\000o\000f\000\040\000N\000e\000w\000\040\000M\000e\000m\000b\000e\000r\000s}{}% 61
\BOOKMARK [2][-]{subsection.6.1}{\376\377\000P\000r\000o\000c\000e\000s\000s}{section.6}% 62
\BOOKMARK [2][-]{subsection.6.2}{\376\377\000A\000l\000u\000m\000n\000i\000\040\000a\000n\000d\000\040\000E\000m\000i\000n\000e\000n\000t\000\040\000E\000n\000g\000i\000n\000e\000e\000r\000\040\000C\000a\000n\000d\000i\000d\000a\000t\000e\000s}{section.6}% 63
\BOOKMARK [1][-]{section.7}{\376\377\000R\000e\000c\000o\000r\000d\000s\000\040\000a\000n\000d\000\040\000F\000i\000n\000a\000n\000c\000e}{}% 64
\BOOKMARK [2][-]{subsection.7.1}{\376\377\000R\000e\000c\000o\000r\000d\000\040\000M\000a\000i\000n\000t\000e\000n\000a\000n\000c\000e\000\040\000a\000n\000d\000\040\000T\000r\000a\000n\000s\000i\000t\000i\000o\000n}{section.7}% 65
\BOOKMARK [2][-]{subsection.7.2}{\376\377\000A\000p\000p\000r\000o\000v\000a\000l\000\040\000o\000f\000\040\000M\000i\000n\000u\000t\000e\000s}{section.7}% 66
\BOOKMARK [2][-]{subsection.7.3}{\376\377\000A\000u\000t\000h\000o\000r\000i\000z\000e\000d\000\040\000S\000i\000g\000n\000e\000r\000s}{section.7}% 67
\BOOKMARK [2][-]{subsection.7.4}{\376\377\000F\000i\000s\000c\000a\000l\000\040\000Y\000e\000a\000r}{section.7}% 68
\BOOKMARK [2][-]{subsection.7.5}{\376\377\000C\000h\000a\000p\000t\000e\000r\000\040\000B\000u\000d\000g\000e\000t}{section.7}% 69
\BOOKMARK [2][-]{subsection.7.6}{\376\377\000S\000p\000e\000n\000d\000i\000n\000g\000\040\000A\000u\000t\000h\000o\000r\000i\000t\000y}{section.7}% 70
\BOOKMARK [1][-]{section.8}{\376\377\000A\000c\000t\000i\000v\000e\000\040\000S\000t\000a\000t\000u\000s}{}% 71
\BOOKMARK [2][-]{subsection.8.1}{\376\377\000A\000c\000h\000i\000e\000v\000i\000n\000g\000\040\000A\000c\000t\000i\000v\000e\000\040\000S\000t\000a\000t\000u\000s}{section.8}% 72
\BOOKMARK [2][-]{subsection.8.2}{\376\377\000M\000a\000i\000n\000t\000a\000i\000n\000i\000n\000g\000\040\000A\000c\000t\000i\000v\000e\000\040\000S\000t\000a\000t\000u\000s}{section.8}% 73
\BOOKMARK [2][-]{subsection.8.3}{\376\377\000T\000r\000a\000c\000k\000i\000n\000g\000\040\000S\000t\000a\000t\000u\000s}{section.8}% 74
\BOOKMARK [2][-]{subsection.8.4}{\376\377\000B\000e\000n\000e\000f\000i\000t\000s\000\040\000o\000f\000\040\000A\000c\000t\000i\000v\000e\000\040\000S\000t\000a\000t\000u\000s}{section.8}% 75
\BOOKMARK [1][-]{section.9}{\376\377\000E\000n\000a\000c\000t\000m\000e\000n\000t\000\040\000a\000n\000d\000\040\000A\000m\000e\000n\000d\000m\000e\000n\000t}{}% 76
\BOOKMARK [2][-]{subsection.9.1}{\376\377\000E\000n\000a\000c\000t\000m\000e\000n\000t}{section.9}% 77
\BOOKMARK [2][-]{subsection.9.2}{\376\377\000A\000m\000e\000n\000d\000m\000e\000n\000t}{section.9}% 78
\BOOKMARK [2][-]{subsection.9.3}{\376\377\000A\000p\000p\000e\000n\000d\000i\000x\000\040\000A\000m\000e\000n\000d\000m\000e\000n\000t}{section.9}% 79
\BOOKMARK [1][-]{appendix.A}{\376\377\000U\000n\000d\000e\000r\000g\000r\000a\000d\000u\000a\000t\000e\000\040\000E\000l\000e\000c\000t\000e\000e\000\040\000R\000e\000q\000u\000i\000r\000e\000m\000e\000n\000t\000s}{}% 80
\BOOKMARK [2][-]{subsection.A.1}{\376\377\000C\000h\000a\000r\000a\000c\000t\000e\000r}{appendix.A}% 81
\BOOKMARK [3][-]{Item.91}{\376\377\000E\000l\000e\000c\000t\000e\000e\000\040\000Q\000u\000e\000s\000t\000i\000o\000n\000n\000a\000i\000r\000e}{subsection.A.1}% 82
\BOOKMARK [3][-]{Item.92}{\376\377\000I\000n\000t\000e\000r\000v\000i\000e\000w}{subsection.A.1}% 83
\BOOKMARK [2][-]{subsection.A.2}{\376\377\000M\000e\000e\000t\000i\000n\000g\000s}{appendix.A}% 84
\BOOKMARK [2][-]{subsection.A.3}{\376\377\000S\000e\000r\000v\000i\000c\000e}{appendix.A}% 85
\BOOKMARK [3][-]{Item.93}{\376\377\000K\000-\0001\0002\000\040\000O\000u\000t\000r\000e\000a\000c\000h}{subsection.A.3}% 86
\BOOKMARK [3][-]{Item.94}{\376\377\000C\000a\000r\000e\000e\000r\000\040\000F\000a\000i\000r}{subsection.A.3}% 87
\BOOKMARK [2][-]{subsection.A.4}{\376\377\000S\000o\000c\000i\000a\000l\000s\000\040\000a\000n\000d\000\040\000P\000r\000o\000f\000e\000s\000s\000i\000o\000n\000a\000l\000\040\000D\000e\000v\000e\000l\000o\000p\000e\000m\000e\000n\000t}{appendix.A}% 88
\BOOKMARK [2][-]{subsection.A.5}{\376\377\000D\000u\000e\000s}{appendix.A}% 89
\BOOKMARK [2][-]{subsection.A.6}{\376\377\000E\000l\000e\000c\000t\000e\000e\000\040\000E\000x\000a\000m}{appendix.A}% 90
\BOOKMARK [2][-]{subsection.A.7}{\376\377\000G\000r\000o\000u\000p\000\040\000M\000e\000e\000t\000i\000n\000g\000s}{appendix.A}% 91
\BOOKMARK [2][-]{subsection.A.8}{\376\377\000P\000e\000e\000r\000\040\000I\000n\000t\000e\000r\000v\000i\000e\000w\000s}{appendix.A}% 92
\BOOKMARK [2][-]{subsection.A.9}{\376\377\000I\000n\000i\000t\000i\000a\000t\000i\000o\000n}{appendix.A}% 93
\BOOKMARK [2][-]{subsection.A.10}{\376\377\000T\000i\000m\000i\000n\000g\000\040\000a\000n\000d\000\040\000D\000e\000a\000d\000l\000i\000n\000e\000s}{appendix.A}% 94
\BOOKMARK [1][-]{appendix.B}{\376\377\000G\000r\000a\000d\000u\000a\000t\000e\000\040\000E\000l\000e\000c\000t\000e\000e\000\040\000R\000e\000q\000u\000i\000r\000e\000m\000e\000n\000t\000s}{}% 95
\BOOKMARK [2][-]{subsection.B.1}{\376\377\000C\000h\000a\000r\000a\000c\000t\000e\000r}{appendix.B}% 96
\BOOKMARK [3][-]{Item.95}{\376\377\000E\000l\000e\000c\000t\000e\000e\000\040\000Q\000u\000e\000s\000t\000i\000o\000n\000n\000a\000i\000r\000e}{subsection.B.1}% 97
\BOOKMARK [3][-]{Item.96}{\376\377\000I\000n\000t\000e\000r\000v\000i\000e\000w}{subsection.B.1}% 98
\BOOKMARK [2][-]{subsection.B.2}{\376\377\000M\000e\000e\000t\000i\000n\000g\000s}{appendix.B}% 99
\BOOKMARK [2][-]{subsection.B.3}{\376\377\000S\000e\000r\000v\000i\000c\000e}{appendix.B}% 100
\BOOKMARK [2][-]{subsection.B.4}{\376\377\000S\000o\000c\000i\000a\000l\000s\000\040\000a\000n\000d\000\040\000P\000r\000o\000f\000e\000s\000s\000i\000o\000n\000a\000l\000\040\000D\000e\000v\000e\000l\000o\000p\000m\000e\000n\000t}{appendix.B}% 101
\BOOKMARK [2][-]{subsection.B.5}{\376\377\000D\000u\000e\000s}{appendix.B}% 102
\BOOKMARK [2][-]{subsection.B.6}{\376\377\000E\000l\000e\000c\000t\000e\000e\000\040\000E\000x\000a\000m}{appendix.B}% 103
\BOOKMARK [2][-]{subsection.B.7}{\376\377\000G\000r\000o\000u\000p\000\040\000M\000e\000e\000t\000i\000n\000g\000s}{appendix.B}% 104
\BOOKMARK [2][-]{subsection.B.8}{\376\377\000A\000d\000v\000i\000s\000o\000r\000\040\000F\000o\000r\000m}{appendix.B}% 105
\BOOKMARK [2][-]{subsection.B.9}{\376\377\000I\000n\000i\000t\000i\000a\000t\000i\000o\000n}{appendix.B}% 106
\BOOKMARK [2][-]{subsection.B.10}{\376\377\000T\000i\000m\000i\000n\000g\000\040\000a\000n\000d\000\040\000D\000e\000a\000d\000l\000i\000n\000e\000s}{appendix.B}% 107
\BOOKMARK [1][-]{appendix.C}{\376\377\000A\000l\000u\000m\000n\000i\000\040\000C\000a\000n\000d\000i\000d\000a\000t\000e\000\040\000R\000e\000q\000u\000i\000r\000e\000m\000e\000n\000t\000s}{}% 108
\BOOKMARK [2][-]{subsection.C.1}{\376\377\000S\000c\000o\000p\000e}{appendix.C}% 109
\BOOKMARK [2][-]{subsection.C.2}{\376\377\000C\000h\000a\000p\000t\000e\000r\000\040\000I\000n\000v\000o\000l\000v\000e\000m\000e\000n\000t}{appendix.C}% 110
\BOOKMARK [2][-]{subsection.C.3}{\376\377\000I\000n\000t\000e\000r\000v\000i\000e\000w}{appendix.C}% 111
\BOOKMARK [2][-]{subsection.C.4}{\376\377\000C\000h\000a\000r\000a\000c\000t\000e\000r}{appendix.C}% 112
\BOOKMARK [2][-]{subsection.C.5}{\376\377\000D\000u\000e\000s}{appendix.C}% 113
\BOOKMARK [2][-]{subsection.C.6}{\376\377\000I\000n\000i\000t\000i\000a\000t\000i\000o\000n}{appendix.C}% 114
\BOOKMARK [2][-]{subsection.C.7}{\376\377\000T\000i\000m\000i\000n\000g}{appendix.C}% 115
\BOOKMARK [2][-]{subsection.C.8}{\376\377\000D\000e\000a\000d\000l\000i\000n\000e\000s}{appendix.C}% 116
\BOOKMARK [1][-]{appendix.D}{\376\377\000D\000i\000s\000t\000i\000n\000g\000u\000i\000s\000h\000e\000d\000\040\000A\000c\000t\000i\000v\000e\000\040\000S\000t\000a\000t\000u\000s\000\040\000G\000u\000i\000d\000e\000l\000i\000n\000e\000s}{}% 117
\BOOKMARK [2][-]{subsection.D.1}{\376\377\000R\000e\000q\000u\000i\000r\000e\000m\000e\000n\000t\000s}{appendix.D}% 118
\BOOKMARK [3][-]{Item.97}{\376\377\000L\000e\000a\000d\000e\000r\000s\000h\000i\000p}{subsection.D.1}% 119
\BOOKMARK [3][-]{Item.98}{\376\377\000I\000n\000t\000e\000r\000v\000i\000e\000w\000s}{subsection.D.1}% 120
\BOOKMARK [3][-]{Item.99}{\376\377\000V\000o\000t\000i\000n\000g\000\040\000M\000e\000e\000t\000i\000n\000g\000\040\000A\000t\000t\000e\000n\000d\000a\000n\000c\000e}{subsection.D.1}% 121
\BOOKMARK [3][-]{Item.100}{\376\377\000M\000e\000e\000t\000i\000n\000g\000\040\000A\000t\000t\000e\000n\000d\000a\000n\000c\000e}{subsection.D.1}% 122
\BOOKMARK [3][-]{Item.101}{\376\377\000S\000e\000r\000v\000i\000c\000e}{subsection.D.1}% 123
\BOOKMARK [3][-]{Item.102}{\376\377\000S\000o\000c\000i\000a\000l\000s\000\040\000a\000n\000d\000\040\000P\000r\000o\000f\000e\000s\000s\000i\000o\000n\000a\000l\000\040\000D\000e\000v\000e\000l\000o\000p\000m\000e\000n\000t}{subsection.D.1}% 124
\BOOKMARK [3][-]{Item.103}{\376\377\000E\000x\000t\000r\000a}{subsection.D.1}% 125
\BOOKMARK [2][-]{subsection.D.2}{\376\377\000A\000t\000t\000a\000i\000n\000i\000n\000g\000\040\000D\000A\000\040\000d\000u\000r\000i\000n\000g\000\040\000I\000n\000i\000t\000i\000a\000t\000i\000o\000n\000\040\000S\000e\000m\000e\000s\000t\000e\000r}{appendix.D}% 126
\BOOKMARK [3][-]{Item.104}{\376\377\000L\000e\000a\000d\000e\000r\000s\000h\000i\000p}{subsection.D.2}% 127
\BOOKMARK [3][-]{Item.105}{\376\377\000S\000e\000r\000v\000i\000c\000e}{subsection.D.2}% 128
\BOOKMARK [3][-]{Item.106}{\376\377\000S\000o\000c\000i\000a\000l\000s}{subsection.D.2}% 129
\BOOKMARK [3][-]{Item.107}{\376\377\000E\000x\000t\000r\000a}{subsection.D.2}% 130
\BOOKMARK [2][-]{subsection.D.3}{\376\377\000N\000a\000t\000i\000o\000n\000a\000l\000\040\000C\000o\000n\000v\000e\000n\000t\000i\000o\000n\000\040\000D\000i\000s\000t\000i\000n\000g\000u\000i\000s\000h\000e\000d\000\040\000A\000c\000t\000i\000v\000e\000\040\000S\000t\000a\000t\000u\000s}{appendix.D}% 131
\BOOKMARK [2][-]{subsection.D.4}{\376\377\000G\000i\000f\000t}{appendix.D}% 132
\BOOKMARK [3][-]{Item.108}{\376\377\000F\000i\000r\000s\000t\000\040\000T\000e\000r\000m}{subsection.D.4}% 133
\BOOKMARK [3][-]{Item.109}{\376\377\000M\000u\000l\000t\000i\000p\000l\000e\000\040\000T\000e\000r\000m\000s}{subsection.D.4}% 134
\BOOKMARK [2][-]{subsection.D.5}{\376\377\000T\000i\000m\000i\000n\000g\000\040\000a\000n\000d\000\040\000D\000e\000a\000d\000l\000i\000n\000e\000s\000\040\000t\000o\000\040\000A\000c\000h\000i\000e\000v\000e\000\040\000S\000t\000a\000t\000u\000s}{appendix.D}% 135
\BOOKMARK [2][-]{subsection.D.6}{\376\377\000T\000i\000m\000i\000n\000g\000\040\000L\000i\000m\000i\000t\000\040\000t\000o\000\040\000C\000l\000a\000i\000m}{appendix.D}% 136
\BOOKMARK [2][-]{subsection.D.7}{\376\377\000E\000x\000c\000e\000p\000t\000i\000o\000n\000s}{appendix.D}% 137
\BOOKMARK [1][-]{appendix.E}{\376\377\000P\000r\000e\000s\000t\000i\000g\000i\000o\000u\000s\000\040\000A\000c\000t\000i\000v\000e\000\040\000S\000t\000a\000t\000u\000s\000\040\000G\000u\000i\000d\000e\000l\000i\000n\000e\000s}{}% 138
\BOOKMARK [2][-]{subsection.E.1}{\376\377\000R\000e\000q\000u\000i\000r\000e\000m\000e\000n\000t\000s}{appendix.E}% 139
\BOOKMARK [3][-]{Item.110}{\376\377\000D\000A\000\040\000S\000t\000a\000t\000u\000s}{subsection.E.1}% 140
\BOOKMARK [3][-]{Item.111}{\376\377\000T\000o\000t\000a\000l\000\040\000I\000n\000v\000o\000l\000v\000e\000m\000e\000n\000t}{subsection.E.1}% 141
\BOOKMARK [2][-]{subsection.E.2}{\376\377\000G\000i\000f\000t}{appendix.E}% 142
\BOOKMARK [2][-]{subsection.E.3}{\376\377\000T\000i\000m\000i\000n\000g\000\040\000a\000n\000d\000\040\000D\000e\000a\000d\000l\000i\000n\000e\000s}{appendix.E}% 143
\BOOKMARK [2][-]{subsection.E.4}{\376\377\000A\000t\000t\000a\000i\000n\000i\000n\000g\000\040\000P\000A\000\040\000d\000u\000r\000i\000n\000g\000\040\000I\000n\000i\000t\000i\000a\000t\000i\000o\000n\000\040\000S\000e\000m\000e\000s\000t\000e\000r}{appendix.E}% 144
\BOOKMARK [2][-]{subsection.E.5}{\376\377\000E\000x\000c\000e\000p\000t\000i\000o\000n\000s}{appendix.E}% 145
\BOOKMARK [1][-]{appendix.F}{\376\377\000O\000f\000f\000i\000c\000e\000r\000\040\000R\000e\000q\000u\000i\000r\000e\000m\000e\000n\000t\000s\000\040\000a\000n\000d\000\040\000D\000e\000s\000c\000r\000i\000p\000t\000i\000o\000n\000s}{}% 146
\BOOKMARK [2][-]{subsection.F.1}{\376\377\000E\000x\000e\000c\000u\000t\000i\000v\000e\000\040\000C\000o\000m\000m\000i\000t\000t\000e\000e}{appendix.F}% 147
\BOOKMARK [3][-]{Item.116}{\376\377\000P\000r\000e\000s\000i\000d\000e\000n\000t}{subsection.F.1}% 148
\BOOKMARK [3][-]{Item.117}{\376\377\000V\000i\000c\000e\000\040\000P\000r\000e\000s\000i\000d\000e\000n\000t}{subsection.F.1}% 149
\BOOKMARK [3][-]{Item.118}{\376\377\000S\000e\000c\000r\000e\000t\000a\000r\000y}{subsection.F.1}% 150
\BOOKMARK [3][-]{Item.119}{\376\377\000T\000r\000e\000a\000s\000u\000r\000e\000r}{subsection.F.1}% 151
\BOOKMARK [3][-]{Item.120}{\376\377\000G\000r\000a\000d\000u\000a\000t\000e\000\040\000S\000t\000u\000d\000e\000n\000t\000\040\000V\000i\000c\000e\000\040\000P\000r\000e\000s\000i\000d\000e\000n\000t}{subsection.F.1}% 152
\BOOKMARK [3][-]{Item.121}{\376\377\000E\000x\000t\000e\000r\000n\000a\000l\000\040\000V\000i\000c\000e\000\040\000P\000r\000e\000s\000i\000d\000e\000n\000t\000s}{subsection.F.1}% 153
\BOOKMARK [2][-]{subsection.F.2}{\376\377\000E\000v\000e\000n\000t\000s\000\040\000T\000e\000a\000m}{appendix.F}% 154
\BOOKMARK [3][-]{Item.122}{\376\377\000S\000e\000r\000v\000i\000c\000e\000\040\000C\000o\000o\000r\000d\000i\000n\000a\000t\000o\000r}{subsection.F.2}% 155
\BOOKMARK [3][-]{Item.123}{\376\377\000O\000u\000t\000r\000e\000a\000c\000h\000\040\000O\000f\000f\000i\000c\000e\000r\000s}{subsection.F.2}% 156
\BOOKMARK [3][-]{Item.124}{\376\377\000C\000a\000m\000p\000u\000s\000\040\000O\000u\000t\000r\000e\000a\000c\000h\000\040\000O\000f\000f\000i\000c\000e\000r}{subsection.F.2}% 157
\BOOKMARK [3][-]{Item.125}{\376\377\000A\000c\000t\000i\000v\000i\000t\000i\000e\000s\000\040\000O\000f\000f\000i\000c\000e\000r}{subsection.F.2}% 158
\BOOKMARK [3][-]{Item.126}{\376\377\000P\000r\000o\000f\000e\000s\000s\000i\000o\000n\000a\000l\000\040\000D\000e\000v\000e\000l\000o\000p\000m\000e\000n\000t\000\040\000O\000f\000f\000i\000c\000e\000r}{subsection.F.2}% 159
\BOOKMARK [2][-]{subsection.F.3}{\376\377\000C\000h\000a\000p\000t\000e\000r\000\040\000T\000e\000a\000m}{appendix.F}% 160
\BOOKMARK [3][-]{Item.127}{\376\377\000C\000h\000a\000p\000t\000e\000r\000\040\000D\000e\000v\000e\000l\000o\000p\000m\000e\000n\000t\000\040\000O\000f\000f\000i\000c\000e\000r}{subsection.F.3}% 161
\BOOKMARK [3][-]{Item.128}{\376\377\000H\000i\000s\000t\000o\000r\000i\000a\000n}{subsection.F.3}% 162
\BOOKMARK [3][-]{Item.129}{\376\377\000P\000u\000b\000l\000i\000c\000i\000t\000y\000\040\000O\000f\000f\000i\000c\000e\000r}{subsection.F.3}% 163
\BOOKMARK [3][-]{Item.130}{\376\377\000M\000e\000m\000b\000e\000r\000s\000h\000i\000p\000\040\000O\000f\000f\000i\000c\000e\000r}{subsection.F.3}% 164
\BOOKMARK [2][-]{subsection.F.4}{\376\377\000A\000d\000\040\000H\000o\000c\000\040\000O\000f\000f\000i\000c\000e\000r\000s}{appendix.F}% 165
\BOOKMARK [1][-]{appendix.G}{\376\377\000C\000o\000m\000m\000i\000t\000t\000e\000e\000s}{}% 166
\BOOKMARK [2][-]{subsection.G.1}{\376\377\000C\000o\000m\000m\000i\000t\000t\000e\000e\000\040\000P\000a\000r\000t\000i\000c\000i\000p\000a\000t\000i\000o\000n}{appendix.G}% 167
\BOOKMARK [2][-]{subsection.G.2}{\376\377\000S\000t\000a\000n\000d\000i\000n\000g\000\040\000C\000o\000m\000m\000i\000t\000t\000e\000e\000s}{appendix.G}% 168
\BOOKMARK [3][-]{Item.131}{\376\377\000P\000r\000o\000f\000e\000s\000s\000i\000o\000n\000a\000l\000\040\000D\000e\000v\000e\000l\000o\000p\000m\000e\000n\000t\000\040\000C\000o\000m\000m\000i\000t\000t\000e\000e}{subsection.G.2}% 169
\BOOKMARK [3][-]{Item.132}{\376\377\000W\000e\000b\000s\000i\000t\000e\000\040\000C\000o\000m\000m\000i\000t\000t\000e\000e}{subsection.G.2}% 170
\BOOKMARK [3][-]{Item.133}{\376\377\000G\000r\000o\000u\000p\000\040\000L\000e\000a\000d\000e\000r\000s\000\040\000C\000o\000m\000m\000i\000t\000t\000e\000e}{subsection.G.2}% 171
\BOOKMARK [3][-]{Item.134}{\376\377\000D\000i\000v\000e\000r\000s\000i\000t\000y\000,\000\040\000E\000q\000u\000i\000t\000y\000,\000\040\000\046\000\040\000I\000n\000c\000l\000u\000s\000i\000o\000n\000\040\000S\000t\000e\000e\000r\000i\000n\000g\000\040\000C\000o\000m\000m\000i\000t\000t\000e\000e}{subsection.G.2}% 172
\BOOKMARK [3][-]{Item.135}{\376\377\000K\000-\0001\0002\000\040\000O\000u\000t\000r\000e\000a\000c\000h\000\040\000C\000o\000m\000m\000i\000t\000t\000e\000e}{subsection.G.2}% 173
\BOOKMARK [2][-]{subsection.G.3}{\376\377\000A\000d\000\040\000H\000o\000c\000\040\000C\000o\000m\000m\000i\000t\000t\000e\000e\000s}{appendix.G}% 174
\BOOKMARK [3][-]{Item.136}{\376\377\000B\000a\000n\000q\000u\000e\000t\000\040\000A\000r\000r\000a\000n\000g\000e\000m\000e\000n\000t\000s\000\040\000C\000o\000m\000m\000i\000t\000t\000e\000e}{subsection.G.3}% 175
\BOOKMARK [1][-]{appendix.H}{\376\377\000C\000h\000a\000i\000r\000s}{}% 176
\BOOKMARK [2][-]{subsection.H.1}{\376\377\000C\000u\000r\000r\000e\000n\000t\000\040\000C\000h\000a\000i\000r\000\040\000P\000o\000s\000i\000t\000i\000o\000n\000s}{appendix.H}% 177
\BOOKMARK [3][-]{Item.137}{\376\377\000W\000e\000b\000s\000i\000t\000e\000\040\000C\000h\000a\000i\000r}{subsection.H.1}% 178
\BOOKMARK [3][-]{Item.138}{\376\377\000O\000u\000t\000r\000e\000a\000c\000h\000\040\000C\000h\000a\000i\000r}{subsection.H.1}% 179
\BOOKMARK [3][-]{Item.139}{\376\377\000A\000p\000p\000a\000r\000e\000l\000\040\000C\000h\000a\000i\000r}{subsection.H.1}% 180
\BOOKMARK [3][-]{Item.140}{\376\377\000A\000l\000u\000m\000n\000i\000\040\000R\000e\000l\000a\000t\000i\000o\000n\000s\000\040\000C\000h\000a\000i\000r}{subsection.H.1}% 181
\BOOKMARK [3][-]{Item.141}{\376\377\000G\000r\000a\000d\000u\000a\000t\000e\000\040\000S\000t\000u\000d\000e\000n\000t\000\040\000A\000c\000t\000i\000v\000i\000t\000i\000e\000s\000\040\000C\000h\000a\000i\000r}{subsection.H.1}% 182
\BOOKMARK [3][-]{Item.142}{\376\377\000B\000a\000n\000q\000u\000e\000t\000\040\000A\000r\000r\000a\000n\000g\000e\000m\000e\000n\000t\000s\000\040\000C\000h\000a\000i\000r}{subsection.H.1}% 183
\BOOKMARK [3][-]{Item.143}{\376\377\000M\000i\000n\000d\000s\000e\000t\000\040\000C\000h\000a\000i\000r}{subsection.H.1}% 184
\BOOKMARK [3][-]{Item.144}{\376\377\000N\000e\000w\000\040\000I\000n\000i\000t\000i\000a\000t\000i\000v\000e\000s\000\040\000C\000h\000a\000i\000r}{subsection.H.1}% 185
\BOOKMARK [3][-]{Item.145}{\376\377\000M\000e\000r\000i\000t\000\040\000B\000a\000d\000g\000e\000\040\000D\000a\000y\000\040\000C\000h\000a\000i\000r}{subsection.H.1}% 186
\BOOKMARK [3][-]{Item.146}{\376\377\000C\000a\000r\000e\000e\000r\000\040\000F\000a\000i\000r\000\040\000C\000h\000a\000i\000r}{subsection.H.1}% 187
\BOOKMARK [3][-]{Item.147}{\376\377\000C\000u\000b\000\040\000S\000c\000o\000u\000t\000s\000\040\000D\000a\000y\000\040\000C\000h\000a\000i\000r}{subsection.H.1}% 188
\BOOKMARK [3][-]{Item.148}{\376\377\000E\000n\000g\000i\000n\000e\000e\000r\000i\000n\000g\000\040\000D\000a\000y\000\040\000f\000o\000r\000\040\000D\000e\000t\000r\000o\000i\000t\000\040\000C\000h\000a\000i\000r}{subsection.H.1}% 189
\BOOKMARK [3][-]{Item.149}{\376\377\000N\000E\000S\000T\000\040\000P\000r\000o\000j\000e\000c\000t\000\040\000M\000a\000n\000a\000g\000e\000r\000\040\000C\000h\000a\000i\000r}{subsection.H.1}% 190
\BOOKMARK [3][-]{Item.150}{\376\377\000N\000E\000S\000T\000\040\000P\000r\000o\000j\000e\000c\000t\000\040\000E\000n\000g\000i\000n\000e\000e\000r\000\040\000C\000h\000a\000i\000r}{subsection.H.1}% 191
\BOOKMARK [3][-]{Item.151}{\376\377\000N\000E\000S\000T\000\040\000A\000c\000c\000o\000u\000n\000t\000\040\000M\000a\000n\000a\000g\000e\000r\000\040\000C\000h\000a\000i\000r}{subsection.H.1}% 192
